// Jest Snapshot v1, https://goo.gl/fbAQLP

exports[`Get help 1`] = `
"Usage: index [options] [command]

Options:
  -V, --version                  output the version number
  -h, --help                     display help for command

Commands:
  analyze [options] <filepath>   Analyze audio files to detect audio features
  convert [options] <filepath>   Convert sfz files to other formats
  encode [options] <filepath>    Encode audio files into other formats
  organize [options] <filepath>  Organize files using pattern
  splice [options] <filepath>    Splice audio files into separate notes
  help [command]                 display help for command
"
`;
